LCD.c:56:6:LCD5110_init	24	static
LCD.c:84:6:LCD_write	16	static
LCD.c:98:6:LCD_drawchar	24	static
LCD.c:111:6:LCD_drawchar_inv	24	static
LCD.c:124:6:LCD5110_write_char	24	static
LCD.c:143:19:LCD5110_write_string	24	static
LCD.c:172:6:LCD5110_clear	8	static
LCD.c:177:6:LCD5110_set_XY	24	static
LCD.c:186:6:LCD5110_LCD_write_byte	16	static
LCD.c:200:6:LCD5110_Write_Dec	24	static
LCD.c:226:6:LCD5110_LCD_delay_ms	24	static
LCD.c:244:6:LCD5110_CS	16	static
LCD.c:252:6:LCD5110_RST	16	static
LCD.c:259:6:LCD5110_DC	16	static
LCD.c:280:5:_write	32	static
LCD.c:335:6:LCD5110_update	16	static
LCD.c:349:6:LCD5110_clrScr	16	static
LCD.c:355:6:LCD5110_fillScr	16	static
LCD.c:369:6:setPixel	24	static
LCD.c:382:6:LCD5110_clrPixel	24	static
LCD.c:395:6:LCD5110_invPixel	24	static
LCD.c:443:6:LCD5110_printNumI	104	static
LCD.c:506:6:LCD5110_printNumF	80	static
LCD.c:607:6:LCD5110_drawHLine	40	static
LCD.c:624:6:LCD5110_clrHLine	40	static
LCD.c:641:6:LCD5110_drawVLine	32	static
LCD.c:655:6:LCD5110_clrVLine	32	static
LCD.c:669:6:LCD5110_drawLine	80	static
LCD.c:759:6:LCD5110_clrLine	80	static
LCD.c:849:6:LCD5110_drawRect	32	static
LCD.c:873:6:LCD5110_clrRect	32	static
LCD.c:896:6:LCD5110_drawRoundRect	32	static
LCD.c:926:6:LCD5110_clrRoundRect	32	static
LCD.c:955:6:LCD5110_drawCircle	48	static
LCD.c:992:6:LCD5110_clrCircle	48	static
LCD.c:1029:6:LCD5110_drawBitmap	40	static
