LCD.c:42:6:LCD5110_init	8	static
LCD.c:65:6:LCD5110_LCD_write_byte	24	static
LCD.c:88:6:LCD5110_write_char	24	static
LCD.c:102:6:LCD5110_write_char_reg	24	static
LCD.c:117:6:LCD5110_write_string	24	static
LCD.c:129:6:LCD5110_clear	16	static
LCD.c:137:6:LCD5110_set_XY	24	static
LCD.c:146:6:LCD5110_Write_Dec	24	static
LCD.c:172:6:LCD5110_LCD_delay_ms	24	static
LCD.c:190:6:LCD5110_CS	16	static
LCD.c:198:6:LCD5110_RST	16	static
LCD.c:205:6:LCD5110_DC	16	static
LCD.c:212:6:LCD5110_MO	16	static
LCD.c:219:6:LCD5110_SCK	16	static
LCD.c:226:5:_write	32	static
LCD.c:281:6:LCD5110_update	16	static
LCD.c:295:6:LCD5110_clrScr	16	static
LCD.c:301:6:LCD5110_fillScr	16	static
LCD.c:315:6:setPixel	24	static
LCD.c:328:6:LCD5110_clrPixel	24	static
LCD.c:341:6:LCD5110_invPixel	24	static
LCD.c:389:6:LCD5110_printNumI	104	static
LCD.c:452:6:LCD5110_printNumF	80	static
LCD.c:553:6:LCD5110_drawHLine	40	static
LCD.c:570:6:LCD5110_clrHLine	40	static
LCD.c:587:6:LCD5110_drawVLine	32	static
LCD.c:601:6:LCD5110_clrVLine	32	static
LCD.c:615:6:LCD5110_drawLine	80	static
LCD.c:705:6:LCD5110_clrLine	80	static
LCD.c:795:6:LCD5110_drawRect	32	static
LCD.c:819:6:LCD5110_clrRect	32	static
LCD.c:842:6:LCD5110_drawRoundRect	32	static
LCD.c:872:6:LCD5110_clrRoundRect	32	static
LCD.c:901:6:LCD5110_drawCircle	48	static
LCD.c:938:6:LCD5110_clrCircle	48	static
LCD.c:975:6:LCD5110_drawBitmap	40	static
