LCD.c:47:6:LCD5110_init	24	static
LCD.c:72:6:LCD_write	16	static
LCD.c:86:6:LCD_drawchar	24	static
LCD.c:99:6:LCD_drawchar_inv	24	static
LCD.c:112:6:LCD5110_write_char	24	static
LCD.c:123:6:LCD5110_write_string	24	static
LCD.c:145:6:LCD5110_clear	8	static
LCD.c:150:6:LCD5110_set_XY	24	static
LCD.c:159:6:LCD5110_LCD_write_byte	16	static
LCD.c:173:6:LCD5110_Write_Dec	24	static
LCD.c:199:6:LCD5110_LCD_delay_ms	24	static
LCD.c:217:6:LCD5110_CS	16	static
LCD.c:225:6:LCD5110_RST	16	static
LCD.c:232:6:LCD5110_DC	16	static
LCD.c:253:5:_write	32	static
LCD.c:308:6:LCD5110_update	16	static
LCD.c:322:6:LCD5110_clrScr	16	static
LCD.c:328:6:LCD5110_fillScr	16	static
LCD.c:342:6:setPixel	24	static
LCD.c:355:6:LCD5110_clrPixel	24	static
LCD.c:368:6:LCD5110_invPixel	24	static
LCD.c:416:6:LCD5110_printNumI	104	static
LCD.c:479:6:LCD5110_printNumF	80	static
LCD.c:580:6:LCD5110_drawHLine	40	static
LCD.c:597:6:LCD5110_clrHLine	40	static
LCD.c:614:6:LCD5110_drawVLine	32	static
LCD.c:628:6:LCD5110_clrVLine	32	static
LCD.c:642:6:LCD5110_drawLine	80	static
LCD.c:732:6:LCD5110_clrLine	80	static
LCD.c:822:6:LCD5110_drawRect	32	static
LCD.c:846:6:LCD5110_clrRect	32	static
LCD.c:869:6:LCD5110_drawRoundRect	32	static
LCD.c:899:6:LCD5110_clrRoundRect	32	static
LCD.c:928:6:LCD5110_drawCircle	48	static
LCD.c:965:6:LCD5110_clrCircle	48	static
LCD.c:1002:6:LCD5110_drawBitmap	40	static
