LCD.c:42:6:LCD5110_init	8	static
LCD.c:67:6:LCD5110_LCD_write_byte	16	static
LCD.c:92:6:LCD5110_write_char	24	static
LCD.c:106:6:LCD5110_write_char_reg	24	static
LCD.c:121:6:LCD5110_write_string	24	static
LCD.c:133:6:LCD5110_clear	16	static
LCD.c:141:6:LCD5110_set_XY	24	static
LCD.c:150:6:LCD5110_Write_Dec	24	static
LCD.c:176:6:LCD5110_LCD_delay_ms	24	static
LCD.c:194:6:LCD5110_CS	16	static
LCD.c:209:6:LCD5110_DC	16	static
LCD.c:230:5:_write	32	static
LCD.c:285:6:LCD5110_update	16	static
LCD.c:299:6:LCD5110_clrScr	16	static
LCD.c:305:6:LCD5110_fillScr	16	static
LCD.c:319:6:setPixel	24	static
LCD.c:332:6:LCD5110_clrPixel	24	static
LCD.c:345:6:LCD5110_invPixel	24	static
LCD.c:393:6:LCD5110_printNumI	104	static
LCD.c:456:6:LCD5110_printNumF	80	static
LCD.c:557:6:LCD5110_drawHLine	40	static
LCD.c:574:6:LCD5110_clrHLine	40	static
LCD.c:591:6:LCD5110_drawVLine	32	static
LCD.c:605:6:LCD5110_clrVLine	32	static
LCD.c:619:6:LCD5110_drawLine	80	static
LCD.c:709:6:LCD5110_clrLine	80	static
LCD.c:799:6:LCD5110_drawRect	32	static
LCD.c:823:6:LCD5110_clrRect	32	static
LCD.c:846:6:LCD5110_drawRoundRect	32	static
LCD.c:876:6:LCD5110_clrRoundRect	32	static
LCD.c:905:6:LCD5110_drawCircle	48	static
LCD.c:942:6:LCD5110_clrCircle	48	static
LCD.c:979:6:LCD5110_drawBitmap	40	static
