LCD.c:46:6:LCD5110_init	24	static
LCD.c:71:6:LCD5110_LCD_write	16	static
LCD.c:85:6:LCD5110_drawchar	24	static
LCD.c:98:6:LCD5110_drawchar_reg	24	static
LCD.c:111:6:LCD5110_write_char	24	static
LCD.c:122:6:LCD5110_write_string	24	static
LCD.c:144:6:LCD5110_clear	8	static
LCD.c:149:6:LCD5110_set_XY	24	static
LCD.c:158:6:LCD5110_LCD_write_byte	16	static
LCD.c:172:6:LCD5110_Write_Dec	24	static
LCD.c:198:6:LCD5110_LCD_delay_ms	24	static
LCD.c:216:6:LCD5110_CS	16	static
LCD.c:224:6:LCD5110_RST	16	static
LCD.c:231:6:LCD5110_DC	16	static
LCD.c:252:5:_write	32	static
LCD.c:307:6:LCD5110_update	16	static
LCD.c:321:6:LCD5110_clrScr	16	static
LCD.c:327:6:LCD5110_fillScr	16	static
LCD.c:341:6:setPixel	24	static
LCD.c:354:6:LCD5110_clrPixel	24	static
LCD.c:367:6:LCD5110_invPixel	24	static
LCD.c:415:6:LCD5110_printNumI	104	static
LCD.c:478:6:LCD5110_printNumF	80	static
LCD.c:579:6:LCD5110_drawHLine	40	static
LCD.c:596:6:LCD5110_clrHLine	40	static
LCD.c:613:6:LCD5110_drawVLine	32	static
LCD.c:627:6:LCD5110_clrVLine	32	static
LCD.c:641:6:LCD5110_drawLine	80	static
LCD.c:731:6:LCD5110_clrLine	80	static
LCD.c:821:6:LCD5110_drawRect	32	static
LCD.c:845:6:LCD5110_clrRect	32	static
LCD.c:868:6:LCD5110_drawRoundRect	32	static
LCD.c:898:6:LCD5110_clrRoundRect	32	static
LCD.c:927:6:LCD5110_drawCircle	48	static
LCD.c:964:6:LCD5110_clrCircle	48	static
LCD.c:1001:6:LCD5110_drawBitmap	40	static
